// Jest Snapshot v1, https://goo.gl/fbAQLP

exports[`Renders Example Body section correctly 1`] = `
<section
  class="flex items-center justify-center h-screen section-padding-primary dark:bg-black-light bg-gray-light"
  role="example-body-section"
>
  <div
    class="container"
  >
    <h3
      class="pb-3 text-6xl text-center"
    >
      This is lorem ipsum content
    </h3>
  </div>
</section>
`;
