// Jest Snapshot v1, https://goo.gl/fbAQLP

exports[`Renders Example Hero correctly 1`] = `
<section
  class="dark:bg-black bg-gray section-padding-primary min-h-screen flex items-center"
  role="hero"
>
  <div
    class="container"
  >
    <div
      class="mx-auto max-w-[800px] text-center"
    >
      <h1
        class="text-3xl font-extrabold sm:text-5xl dark:text-white"
      >
        Mock Title
        <strong
          class="font-extrabold text-red-700 sm:block"
        >
          Emphazised Part
        </strong>
      </h1>
      <p
        class="mt-4 sm:text-xl sm:leading-relaxed dark:text-white"
      >
        Mock Description
      </p>
      <div
        class="flex flex-wrap justify-center gap-4 mt-8"
      >
        <a
          class="inline-flex focus:outline-none focus-visible:outline-none focus:shadow-none focus-visible:shadow-none"
          href="/server-side"
          target="_self"
        >
          <span
            aria-label="Server Side Example"
            class="relative z-10 group/button overflow-hidden inline-flex items-center justify-center gap-3 cursor-pointer text-white hover:text-white leading-[1.15] button primary-bg-text-white hover-secondary-bg-text-white sm"
            data-testid="fill-redirect-button"
          >
            <span>
              Server Side Example
            </span>
            <span
              class="absolute z-[-1] inset-0 invisible opacity-0 group-hover/button:visible group-hover/button:opacity-100 button-bg"
            />
          </span>
        </a>
      </div>
    </div>
  </div>
</section>
`;
