// Jest Snapshot v1, https://goo.gl/fbAQLP

exports[`Renders Example Hero correctly 1`] = `
<section
  class="dark:bg-black bg-gray section-padding-primary min-h-screen flex items-center"
  role="hero"
>
  <div
    class="container"
  >
    <div
      class="mx-auto max-w-[800px] text-center"
    >
      <h1
        class="text-3xl font-extrabold sm:text-5xl dark:text-white"
      >
        Mock Title
        <strong
          class="font-extrabold text-red-700 sm:block"
        >
          Emphazised Part
        </strong>
      </h1>
      <p
        class="mt-4 sm:text-xl sm:leading-relaxed dark:text-white"
      >
        Mock Description
      </p>
      <div
        class="flex flex-wrap justify-center gap-4 mt-8"
      >
        <a
          class="inline-block px-4 py-2 mt-5 text-sm font-medium text-white transition-colors ease-in-out rounded shadow dark:bg-white dark:text-danger-light dark:active:text-danger bg-primary hover:bg-danger duration-350 focus:outline-none focus:shadow-none sm:w-auto dark:hover:bg-primary dark:hover:text-white"
          href="/server-side"
        >
          Server Side Example
        </a>
      </div>
    </div>
  </div>
</section>
`;
