// Jest Snapshot v1, https://goo.gl/fbAQLP

exports[`renders card correctly 1`] = `
<div
  class="relative overflow-hidden h-auto card shadow-one radius-one"
  role="presentation"
>
  <div
    class="h-full bg-secondary-light"
  >
    <div>
      <img
        alt="Test Alt"
        data-nimg="1"
        decoding="async"
        height="400"
        loading="lazy"
        src="http://localhost/_next/image?url=https%3A%2F%2Fassets.imgix.net%2Funsplash%2Fjellyfish.jpg%3Fw%3D800%26h%3D400%26fit%3Dcrop%26crop%3Dentropy&w=1200&q=75"
        srcset="/_next/image?url=https%3A%2F%2Fassets.imgix.net%2Funsplash%2Fjellyfish.jpg%3Fw%3D800%26h%3D400%26fit%3Dcrop%26crop%3Dentropy&w=640&q=75 1x, /_next/image?url=https%3A%2F%2Fassets.imgix.net%2Funsplash%2Fjellyfish.jpg%3Fw%3D800%26h%3D400%26fit%3Dcrop%26crop%3Dentropy&w=1200&q=75 2x"
        style="color: transparent; background-size: cover; background-position: 50% 50%; background-repeat: no-repeat;"
        width="600"
      />
    </div>
    <div
      class="p-5 md:p-6 bg-[#ddd] space-y-5"
    >
      <h3
        class="text-xl font-bold text-black dark:text-black"
      >
        Test Name
      </h3>
      <p
        class="text-black dark:text-black line-clamp-3 text-[18px]"
      >
        Lorem ipsum dolor sit amet consectetur adipisicing elit. Iure, cumque adipisci quis itaque ratione ipsa autem quibusdam numquam quo eaque reprehenderit at quae! Saepe ipsum sint odit maxime quis aliquam, sit quibusdam, officiis commodi, veniam nobis temporibus distinctio iure amet!
      </p>
      <div>
        <div
          class="inline-flex items-center flex-wrap gap-2 mt-2"
        >
          <span
            class="inline-flex items-center justify-center px-3 py-1 text-sm font-semibold text-black rounded-full bg-warning"
          >
            Tag-1
          </span>
          <span
            class="inline-flex items-center justify-center px-3 py-1 text-sm font-semibold text-black rounded-full bg-danger-light"
          >
            Tag-2
          </span>
          <span
            class="inline-flex items-center justify-center px-3 py-1 text-sm font-semibold text-black rounded-full bg-secondary"
          >
            Tag-3
          </span>
        </div>
      </div>
    </div>
  </div>
</div>
`;

exports[`renders card correctly with link 1`] = `
<div
  class="relative overflow-hidden h-auto card shadow-one radius-one"
  role="presentation"
>
  <div
    class="h-full bg-secondary-light"
  >
    <div>
      <img
        alt="Test Alt"
        data-nimg="1"
        decoding="async"
        height="400"
        loading="lazy"
        src="http://localhost/_next/image?url=https%3A%2F%2Fassets.imgix.net%2Funsplash%2Fjellyfish.jpg%3Fw%3D800%26h%3D400%26fit%3Dcrop%26crop%3Dentropy&w=1200&q=75"
        srcset="/_next/image?url=https%3A%2F%2Fassets.imgix.net%2Funsplash%2Fjellyfish.jpg%3Fw%3D800%26h%3D400%26fit%3Dcrop%26crop%3Dentropy&w=640&q=75 1x, /_next/image?url=https%3A%2F%2Fassets.imgix.net%2Funsplash%2Fjellyfish.jpg%3Fw%3D800%26h%3D400%26fit%3Dcrop%26crop%3Dentropy&w=1200&q=75 2x"
        style="color: transparent; background-size: cover; background-position: 50% 50%; background-repeat: no-repeat;"
        width="600"
      />
    </div>
    <div
      class="p-5 md:p-6 bg-[#ddd] space-y-5"
    >
      <h3
        class="text-xl font-bold text-black dark:text-black"
      >
        Test Name
      </h3>
      <p
        class="text-black dark:text-black line-clamp-3 text-[18px]"
      >
        Lorem ipsum dolor sit amet consectetur adipisicing elit. Iure, cumque adipisci quis itaque ratione ipsa autem quibusdam numquam quo eaque reprehenderit at quae! Saepe ipsum sint odit maxime quis aliquam, sit quibusdam, officiis commodi, veniam nobis temporibus distinctio iure amet!
      </p>
      <div>
        <div
          class="inline-flex items-center flex-wrap gap-2 mt-2"
        >
          <span
            class="inline-flex items-center justify-center px-3 py-1 text-sm font-semibold text-black rounded-full bg-warning"
          >
            Tag-1
          </span>
          <span
            class="inline-flex items-center justify-center px-3 py-1 text-sm font-semibold text-black rounded-full bg-danger-light"
          >
            Tag-2
          </span>
          <span
            class="inline-flex items-center justify-center px-3 py-1 text-sm font-semibold text-black rounded-full bg-secondary"
          >
            Tag-3
          </span>
        </div>
      </div>
    </div>
  </div>
</div>
`;
